// Jest Snapshot v1, https://goo.gl/fbAQLP

exports[`Options: (with plugin options) should compile relativeURL helper with public path 1`] = `"test-public-pathclasses/Breadcrumbs.md"`;
